// Jest Snapshot v1, https://goo.gl/fbAQLP

exports[`button render tests should render correctly 1`] = `
<View
  accessible={true}
  collapsable={false}
  focusable={false}
  onClick={[Function]}
  onResponderGrant={[Function]}
  onResponderMove={[Function]}
  onResponderRelease={[Function]}
  onResponderTerminate={[Function]}
  onResponderTerminationRequest={[Function]}
  onStartShouldSetResponder={[Function]}
  style={
    {
      "alignItems": "center",
      "backgroundColor": "#ffa418",
      "borderRadius": 8,
      "justifyContent": "center",
      "opacity": 1,
      "paddingVertical": 23.684210526315788,
    }
  }
>
  <Text
    style={
      {
        "color": "#FFFFFF",
        "fontFamily": "Poppins-Regular",
        "fontSize": 24,
        "fontWeight": "normal",
      }
    }
  >
    Button
  </Text>
</View>
`;
